// Jest Snapshot v1, https://goo.gl/fbAQLP

exports[`Pruebas de <AppRouter />) debe de mostrar el login si no esta autenticado 1`] = `
<div>
  <div
    className="container"
  >
    <br />
    <br />
    <br />
    <br />
    <br />
    <div
      className="d-flex justify-content-center h-100"
    >
      <div
        className="card"
      >
        <div
          className="card-header"
        >
          <h3>
            Sign In
          </h3>
        </div>
        <div
          className="card-body"
        >
          <div>
            <div
              className="input-group form-group"
            >
              <div
                className="input-group-prepend"
              >
                <span
                  className="input-group-text"
                >
                  <i
                    className="fas fa-user"
                  />
                </span>
              </div>
              <input
                className="form-control"
                placeholder="username"
                type="text"
              />
            </div>
            <div
              className="input-group form-group"
            >
              <div
                className="input-group-prepend"
              >
                <span
                  className="input-group-text"
                >
                  <i
                    className="fas fa-key"
                  />
                </span>
              </div>
              <input
                className="form-control"
                placeholder="password"
                type="password"
              />
            </div>
            <div
              className="form-group"
            >
              <button
                className="btn btn-primary"
                onClick={[Function]}
              >
                Login
              </button>
            </div>
          </div>
        </div>
      </div>
    </div>
  </div>
</div>
`;
